// Jest Snapshot v1, https://goo.gl/fbAQLP

exports[`should render ConfirmationModal correctly 1`] = `
<Modal
  ariaHideApp={true}
  bodyOpenClassName="ReactModal__Body--open"
  className="modal"
  closeTimeoutMS={150}
  contentElement={[Function]}
  contentLabel="Confirm Remove"
  isOpen={true}
  overlayElement={[Function]}
  parentSelector={[Function]}
  portalClassName="ReactModalPortal"
  preventScroll={false}
  role="dialog"
  shouldCloseOnEsc={true}
  shouldCloseOnOverlayClick={true}
  shouldFocusAfterRender={true}
  shouldReturnFocusAfterClose={true}
>
  <h3
    className="modal__title"
  >
    Remove Expense?
  </h3>
  <p
    className="modal__body"
  >
    Are you sure you want to remove this Expense:
  </p>
  <p
    className="modal__body--message"
  >
    Some dummy expense
  </p>
  <div>
    <button
      className="button"
    >
      Remove
    </button>
    <button
      className="button button--secondary"
    >
      Cancel
    </button>
  </div>
</Modal>
`;
