// Jest Snapshot v1, https://goo.gl/fbAQLP

exports[`should render ExpenseList with empty message 1`] = `
<div>
  <p>
    No expenses
  </p>
</div>
`;

exports[`should render ExpenseList with expenses 1`] = `
<div>
  <ExpenseListItem
    amount={195}
    createdAt={0}
    description="gum"
    id={0}
    key="0"
    note=""
  />
  <ExpenseListItem
    amount={109500}
    createdAt={-345600000}
    description="rent"
    id={1}
    key="1"
    note=""
  />
  <ExpenseListItem
    amount={4500}
    createdAt={345600000}
    description="credit card"
    id={2}
    key="2"
    note=""
  />
</div>
`;
