// Jest Snapshot v1, https://goo.gl/fbAQLP

exports[`should render one ExpenseListItem 1`] = `
<Link
  className="list-item"
  to="/edit/0"
>
  <div
    className="list-item__header"
  >
    <h3
      className="list-item__title"
    >
      gum
    </h3>
    <span
      className="list-item__sub-title"
    >
      December 31st, 1969
    </span>
  </div>
  <h3
    className="list-item__data"
  >
    $1.95
  </h3>
</Link>
`;
